// Jest Snapshot v1, https://goo.gl/fbAQLP

exports[`Checkbox Group should support direction 1`] = `
.c1 {
  cursor: pointer;
  display: -webkit-box;
  display: -webkit-flex;
  display: -ms-flexbox;
  display: flex;
  -webkit-align-items: flex-start;
  -webkit-box-align: flex-start;
  -ms-flex-align: flex-start;
  align-items: flex-start;
  -webkit-user-select: none;
  -moz-user-select: none;
  -ms-user-select: none;
  user-select: none;
  color: #11142D;
}

.c1 input[type='checkbox'] {
  opacity: 0;
  outline: none;
  position: absolute;
  width: 0;
  height: 0;
  margin: 0;
  padding: 0;
  z-index: -1;
  background-color: transparent;
}

.c1 .checkbox-icon {
  display: -webkit-box;
  display: -webkit-flex;
  display: -ms-flexbox;
  display: flex;
  -webkit-align-items: center;
  -webkit-box-align: center;
  -ms-flex-align: center;
  align-items: center;
  margin-right: 0.5rem;
}

.c1 .checkbox-icon:before {
  content: '';
  width: 1.25rem;
  height: 1.25rem;
  border-radius: 0.25rem;
  display: -webkit-box;
  display: -webkit-flex;
  display: -ms-flexbox;
  display: flex;
  -webkit-box-pack: center;
  -webkit-justify-content: center;
  -ms-flex-pack: center;
  justify-content: center;
  -webkit-align-items: center;
  -webkit-box-align: center;
  -ms-flex-align: center;
  align-items: center;
  border: 2px solid #D3D4DD;
  -webkit-transition: 0.1s ease;
  transition: 0.1s ease;
}

.c1 .checkbox-icon:after {
  content: '';
  opacity: 0;
  background-image: url("data:image/svg+xml,%3Csvg xmlns='http://www.w3.org/2000/svg' height='24' width='24'%3E%3Cpath d='M0 0h24v24H0z' fill='none' /%3E%3Cpath fill='%23ffffff' d='M9 16.2L4.8 12l-1.4 1.4L9 19 21 7l-1.4-1.4L9 16.2z'/%3E%3C/svg%3E");
  background-size: contain;
  background-position: center;
  background-repeat: no-repeat;
  width: 1.25rem;
  height: 1.25rem;
  border-radius: 0.25rem;
  position: absolute;
  border: 2px solid transparent;
}

.c1 .checkbox-label {
  margin-top: 2px;
  white-space: nowrap;
}

.c1 input:checked ~ .checkbox-icon::before {
  background-color: #6C5DD3;
  border-color: #6C5DD3;
}

.c1:hover .checkbox-icon::before {
  border-color: #9395A1;
}

.c1:hover input:checked ~ .checkbox-icon::before {
  background-color: #4535B7;
  border-color: #4535B7;
}

.c1 input:focus-visible ~ .checkbox-icon:before {
  box-shadow: 0 0 0 2px #9395A1;
}

.c1 input:checked:focus-visible ~ .checkbox-icon::before {
  box-shadow: 0 0 0 2px #4535B7;
}

.c1 input:checked ~ .checkbox-icon::after {
  opacity: 1;
}

.c0 {
  display: -webkit-box;
  display: -webkit-flex;
  display: -ms-flexbox;
  display: flex;
  -webkit-align-items: center;
  -webkit-box-align: center;
  -ms-flex-align: center;
  align-items: center;
  -webkit-flex-wrap: wrap;
  -ms-flex-wrap: wrap;
  flex-wrap: wrap;
  margin: -0.5rem -0.75rem;
}

.c0 > * {
  padding: 0.5rem 0.75rem;
}

.c2 {
  display: -webkit-box;
  display: -webkit-flex;
  display: -ms-flexbox;
  display: flex;
  -webkit-flex-direction: column;
  -ms-flex-direction: column;
  flex-direction: column;
}

.c2 > * + * {
  margin-top: 0.5rem;
}

<div>
  <div
    class="c0 checkbox-group "
  >
    <label
      class="c1 checkbox-container "
    >
      <input
        type="checkbox"
      />
      <span
        class="checkbox-icon"
      />
      <span
        class="checkbox-label"
      >
        test-value
      </span>
    </label>
    <label
      class="c1 checkbox-container "
    >
      <input
        type="checkbox"
      />
      <span
        class="checkbox-icon"
      />
      <span
        class="checkbox-label"
      >
        test-value
      </span>
    </label>
  </div>
  <div
    class="c2 checkbox-group "
  >
    <label
      class="c1 checkbox-container "
    >
      <input
        type="checkbox"
      />
      <span
        class="checkbox-icon"
      />
      <span
        class="checkbox-label"
      >
        test-value
      </span>
    </label>
    <label
      class="c1 checkbox-container "
    >
      <input
        type="checkbox"
      />
      <span
        class="checkbox-icon"
      />
      <span
        class="checkbox-label"
      >
        test-value
      </span>
    </label>
  </div>
</div>
`;
